2026-02-12 20:53:36,706 | INFO | MainThread | Created a socket
2026-02-12 20:53:37,818 | WARNING | MainThread | SocketcanBus was not properly shut down
2026-02-12 20:54:16,237 | INFO | MainThread | Created a socket
2026-02-12 20:54:17,346 | WARNING | MainThread | SocketcanBus was not properly shut down
2026-02-12 20:54:28,250 | INFO | MainThread | Created a socket
2026-02-12 20:54:42,148 | INFO | MainThread | Created a socket
2026-02-12 20:54:42,351 | WARNING | MainThread | SocketcanBus was not properly shut down
2026-02-12 20:54:50,715 | INFO | MainThread | Created a socket
2026-02-12 21:48:30,946 | INFO | MainThread | Created a socket
2026-02-12 21:48:31,148 | WARNING | MainThread | SocketcanBus was not properly shut down
2026-02-12 21:48:42,786 | INFO | MainThread | Created a socket
2026-02-12 21:48:42,989 | WARNING | MainThread | SocketcanBus was not properly shut down
2026-02-12 21:49:37,388 | INFO | MainThread | Created a socket
2026-02-12 21:49:37,593 | WARNING | MainThread | SocketcanBus was not properly shut down
2026-02-12 21:50:19,653 | INFO | MainThread | Created a socket
2026-02-13 12:06:48,269 | INFO | MainThread | Created a socket
2026-02-13 12:06:48,473 | WARNING | MainThread | SocketcanBus was not properly shut down
2026-02-13 12:15:02,984 | INFO | MainThread | Created a socket
2026-02-13 12:15:05,324 | CRITICAL | MainThread | Traceback (most recent call last):
  File "/home/droids/Documents/embedded/utils/gain_tuner.py", line 1184, in <module>
    main()
  File "/home/droids/Documents/embedded/utils/gain_tuner.py", line 1156, in main
    motor_ids = parse_motor_ids_or_scan()
                ^^^^^^^^^^^^^^^^^^^^^^^^^
  File "/home/droids/Documents/embedded/utils/gain_tuner.py", line 801, in parse_motor_ids_or_scan
    found = RobstrideBus.scan_channel(channel, start_id=1, end_id=255)
            ^^^^^^^^^^^^^^^^^^^^^^^^^^^^^^^^^^^^^^^^^^^^^^^^^^^^^^^^^^
  File "/home/droids/Documents/embedded/robstride_dynamics/bus.py", line 140, in scan_channel
    response = bus.ping_by_id(device_id, timeout=0.1)
               ^^^^^^^^^^^^^^^^^^^^^^^^^^^^^^^^^^^^^^
  File "/home/droids/Documents/embedded/robstride_dynamics/bus.py", line 380, in ping_by_id
    response = self.receive(timeout)
               ^^^^^^^^^^^^^^^^^^^^^
  File "/home/droids/Documents/embedded/robstride_dynamics/bus.py", line 262, in receive
    frame = self.channel_handler.recv(timeout=timeout)
            ^^^^^^^^^^^^^^^^^^^^^^^^^^^^^^^^^^^^^^^^^^
  File "/home/droids/Documents/RobStride_Control/python/venv/lib/python3.12/site-packages/can/bus.py", line 121, in recv
    msg, already_filtered = self._recv_internal(timeout=time_left)
                            ^^^^^^^^^^^^^^^^^^^^^^^^^^^^^^^^^^^^^^
  File "/home/droids/Documents/RobStride_Control/python/venv/lib/python3.12/site-packages/can/interfaces/socketcan/socketcan.py", line 827, in _recv_internal
    ready_receive_sockets, _, _ = select.select([self.socket], [], [], timeout)
                                  ^^^^^^^^^^^^^^^^^^^^^^^^^^^^^^^^^^^^^^^^^^^^^
KeyboardInterrupt

2026-02-13 12:15:13,221 | INFO | MainThread | Created a socket
2026-02-13 12:24:26,197 | INFO | MainThread | Created a socket
2026-02-13 12:25:31,889 | INFO | MainThread | Created a socket
2026-02-13 12:27:09,675 | INFO | MainThread | Created a socket
2026-02-13 12:32:50,713 | INFO | MainThread | Created a socket
2026-02-13 12:34:00,999 | INFO | MainThread | Created a socket
2026-02-13 12:39:44,608 | INFO | MainThread | Created a socket
2026-02-13 12:41:14,089 | INFO | MainThread | Created a socket
2026-02-13 12:53:08,533 | INFO | MainThread | Created a socket
2026-02-13 12:53:45,164 | INFO | MainThread | Created a socket
2026-02-13 12:55:52,279 | INFO | MainThread | Created a socket
2026-02-13 12:56:11,803 | INFO | MainThread | Created a socket
2026-02-13 13:03:22,589 | INFO | MainThread | Created a socket
2026-02-13 13:03:50,048 | INFO | MainThread | Created a socket
2026-02-13 13:04:05,905 | INFO | MainThread | Created a socket
2026-02-13 13:05:01,556 | INFO | MainThread | Created a socket
2026-02-13 13:05:39,257 | INFO | MainThread | Created a socket
2026-02-13 13:13:49,927 | INFO | MainThread | Created a socket
2026-02-13 13:40:33,532 | INFO | MainThread | Created a socket
2026-02-13 14:41:37,350 | INFO | MainThread | Created a socket
2026-02-13 14:41:37,554 | WARNING | MainThread | SocketcanBus was not properly shut down
2026-02-13 14:41:40,948 | INFO | MainThread | Created a socket
2026-02-13 14:41:41,152 | WARNING | MainThread | SocketcanBus was not properly shut down
2026-02-13 14:41:44,215 | INFO | MainThread | Created a socket
2026-02-13 15:12:51,008 | INFO | MainThread | Created a socket
2026-02-13 15:13:15,935 | INFO | MainThread | Created a socket
2026-02-13 15:15:43,434 | INFO | MainThread | Created a socket
2026-02-13 15:15:55,703 | INFO | MainThread | Created a socket
2026-02-13 15:53:07,622 | INFO | MainThread | Created a socket
2026-02-13 15:53:49,068 | INFO | MainThread | Created a socket
2026-02-13 15:54:45,691 | INFO | MainThread | Created a socket
2026-02-13 15:56:22,482 | INFO | MainThread | Created a socket
2026-02-13 15:57:57,298 | INFO | MainThread | Created a socket
2026-02-13 15:58:28,632 | INFO | MainThread | Created a socket
2026-02-21 17:59:32,599 | INFO | MainThread | Created a socket
2026-02-21 17:59:32,802 | WARNING | MainThread | SocketcanBus was not properly shut down
2026-02-21 18:01:47,951 | INFO | MainThread | Created a socket
2026-02-21 18:01:48,155 | WARNING | MainThread | SocketcanBus was not properly shut down
2026-02-21 18:01:57,130 | INFO | MainThread | Created a socket
2026-02-21 18:01:58,643 | ERROR | MainThread | [PLOT] Exception in LivePlotter._update (matplotlib callback)
--- TRACEBACK START ---
Traceback (most recent call last):
  File "/home/droids/Documents/embedded/utils/gain_tuner.py", line 1053, in _update
    self.tuner.control_step(self.tuner.dt)
  File "/home/droids/Documents/embedded/utils/gain_tuner.py", line 504, in control_step
    self._assert_safe()
  File "/home/droids/Documents/embedded/utils/gain_tuner.py", line 281, in _assert_safe
    raise RuntimeError(self.safety_reason or "Safety monitor tripped")
RuntimeError: [SAFETY] motor 9 out of joint limits: pos=0.0008 rad, limits=[-2.0944,0.0000]
--- TRACEBACK END ---
Log file: /home/droids/Documents/embedded/robstride_gain_tuner_debug.log
2026-02-21 18:02:29,986 | INFO | MainThread | Created a socket
2026-02-21 18:03:09,556 | INFO | MainThread | Created a socket
2026-02-21 18:03:09,760 | WARNING | MainThread | SocketcanBus was not properly shut down
2026-02-24 22:00:15,182 | INFO | MainThread | Created a socket
2026-02-24 22:00:15,386 | WARNING | MainThread | SocketcanBus was not properly shut down
2026-02-24 22:01:25,326 | INFO | MainThread | Created a socket
2026-02-24 22:01:25,530 | WARNING | MainThread | SocketcanBus was not properly shut down
2026-02-24 22:03:04,256 | INFO | MainThread | Created a socket
2026-02-24 22:03:37,965 | INFO | MainThread | Created a socket
2026-02-25 14:24:07,944 | INFO | MainThread | Created a socket
2026-02-25 14:24:08,146 | WARNING | MainThread | SocketcanBus was not properly shut down
2026-02-25 14:24:33,840 | INFO | MainThread | Created a socket
2026-03-06 21:42:42,773 | CRITICAL | MainThread | Traceback (most recent call last):
  File "/home/droids/Documents/embedded/utils/gain_tuner.py", line 1239, in <module>
    main()
  File "/home/droids/Documents/embedded/utils/gain_tuner.py", line 1211, in main
    motor_ids = parse_motor_ids_or_scan()
                ^^^^^^^^^^^^^^^^^^^^^^^^^
  File "/home/droids/Documents/embedded/utils/gain_tuner.py", line 842, in parse_motor_ids_or_scan
    s = input("Motor IDs: ").strip()
        ^^^^^^^^^^^^^^^^^^^^
KeyboardInterrupt

2026-03-06 21:43:28,114 | INFO | MainThread | Created a socket
2026-03-06 22:03:36,761 | INFO | MainThread | Created a socket
2026-03-06 22:03:36,972 | WARNING | MainThread | SocketcanBus was not properly shut down
2026-03-06 22:04:28,868 | INFO | MainThread | Created a socket
2026-03-06 22:04:29,070 | WARNING | MainThread | SocketcanBus was not properly shut down
2026-03-06 22:04:44,369 | INFO | MainThread | Created a socket
2026-03-06 22:05:27,932 | INFO | MainThread | Created a socket
2026-03-06 22:06:08,376 | INFO | MainThread | Created a socket
2026-03-06 22:06:08,580 | WARNING | MainThread | SocketcanBus was not properly shut down
2026-03-06 22:18:42,953 | INFO | MainThread | Created a socket
2026-03-06 22:18:43,156 | WARNING | MainThread | SocketcanBus was not properly shut down
2026-03-06 22:18:51,262 | INFO | MainThread | Created a socket
2026-03-06 22:18:56,738 | INFO | MainThread | Created a socket
2026-03-06 22:19:03,941 | INFO | MainThread | Created a socket
2026-03-06 22:19:04,145 | WARNING | MainThread | SocketcanBus was not properly shut down
2026-03-06 22:19:30,398 | INFO | MainThread | Created a socket
2026-03-06 22:19:30,600 | WARNING | MainThread | SocketcanBus was not properly shut down
2026-03-06 22:19:38,796 | INFO | MainThread | Created a socket
2026-03-06 22:20:33,261 | INFO | MainThread | Created a socket
2026-03-06 22:20:33,465 | WARNING | MainThread | SocketcanBus was not properly shut down
2026-03-06 22:20:51,639 | INFO | MainThread | Created a socket
2026-03-06 22:20:52,486 | ERROR | MainThread | [PLOT] Exception in LivePlotter._update (matplotlib callback)
--- TRACEBACK START ---
Traceback (most recent call last):
  File "/home/droids/Documents/embedded/utils/gain_tuner.py", line 1053, in _update
    self.tuner.control_step(self.tuner.dt)
  File "/home/droids/Documents/embedded/utils/gain_tuner.py", line 504, in control_step
    self._assert_safe()
  File "/home/droids/Documents/embedded/utils/gain_tuner.py", line 281, in _assert_safe
    raise RuntimeError(self.safety_reason or "Safety monitor tripped")
RuntimeError: [SAFETY] motor 4 out of joint limits: pos=0.1039 rad, limits=[-2.0944,0.0000]
--- TRACEBACK END ---
Log file: /home/droids/Documents/embedded/robstride_gain_tuner_debug.log
2026-03-06 22:21:01,469 | INFO | MainThread | Created a socket
2026-03-06 22:21:02,329 | ERROR | MainThread | [PLOT] Exception in LivePlotter._update (matplotlib callback)
--- TRACEBACK START ---
Traceback (most recent call last):
  File "/home/droids/Documents/embedded/utils/gain_tuner.py", line 1053, in _update
    self.tuner.control_step(self.tuner.dt)
  File "/home/droids/Documents/embedded/utils/gain_tuner.py", line 504, in control_step
    self._assert_safe()
  File "/home/droids/Documents/embedded/utils/gain_tuner.py", line 281, in _assert_safe
    raise RuntimeError(self.safety_reason or "Safety monitor tripped")
RuntimeError: [SAFETY] motor 4 out of joint limits: pos=0.0978 rad, limits=[-2.0944,0.0000]
--- TRACEBACK END ---
Log file: /home/droids/Documents/embedded/robstride_gain_tuner_debug.log
2026-03-06 22:21:12,764 | INFO | MainThread | Created a socket
2026-03-06 22:21:13,611 | ERROR | MainThread | [PLOT] Exception in LivePlotter._update (matplotlib callback)
--- TRACEBACK START ---
Traceback (most recent call last):
  File "/home/droids/Documents/embedded/utils/gain_tuner.py", line 1053, in _update
    self.tuner.control_step(self.tuner.dt)
  File "/home/droids/Documents/embedded/utils/gain_tuner.py", line 504, in control_step
    self._assert_safe()
  File "/home/droids/Documents/embedded/utils/gain_tuner.py", line 281, in _assert_safe
    raise RuntimeError(self.safety_reason or "Safety monitor tripped")
RuntimeError: [SAFETY] motor 4 out of joint limits: pos=0.0046 rad, limits=[-2.0944,0.0000]
--- TRACEBACK END ---
Log file: /home/droids/Documents/embedded/robstride_gain_tuner_debug.log
2026-03-06 22:21:33,364 | INFO | MainThread | Created a socket
2026-03-06 22:21:50,405 | INFO | MainThread | Created a socket
2026-03-06 22:21:50,607 | WARNING | MainThread | SocketcanBus was not properly shut down
2026-03-06 22:33:33,065 | INFO | MainThread | Created a socket
2026-03-06 22:44:39,774 | INFO | MainThread | Created a socket
2026-03-06 22:44:48,441 | INFO | MainThread | Created a socket
2026-03-06 22:44:48,643 | WARNING | MainThread | SocketcanBus was not properly shut down
2026-03-06 22:44:55,745 | INFO | MainThread | Created a socket
2026-03-06 22:55:34,086 | INFO | MainThread | Created a socket
2026-03-06 22:55:39,294 | INFO | MainThread | Created a socket
2026-03-06 22:55:57,757 | INFO | MainThread | Created a socket
2026-03-06 22:56:25,784 | INFO | MainThread | Created a socket
2026-03-06 22:56:25,987 | WARNING | MainThread | SocketcanBus was not properly shut down
2026-03-06 22:56:54,780 | INFO | MainThread | Created a socket
2026-03-06 22:56:54,982 | WARNING | MainThread | SocketcanBus was not properly shut down
2026-03-06 22:56:57,860 | INFO | MainThread | Created a socket
2026-03-06 22:56:58,062 | WARNING | MainThread | SocketcanBus was not properly shut down
2026-03-06 22:57:00,478 | INFO | MainThread | Created a socket
2026-03-06 22:57:00,680 | WARNING | MainThread | SocketcanBus was not properly shut down
2026-03-06 22:57:02,857 | INFO | MainThread | Created a socket
2026-03-06 22:57:03,059 | WARNING | MainThread | SocketcanBus was not properly shut down
2026-03-06 22:57:05,667 | INFO | MainThread | Created a socket
2026-03-06 22:57:05,870 | WARNING | MainThread | SocketcanBus was not properly shut down
2026-03-06 22:57:08,310 | INFO | MainThread | Created a socket
2026-03-06 22:57:08,513 | WARNING | MainThread | SocketcanBus was not properly shut down
2026-03-06 22:59:42,181 | INFO | MainThread | Created a socket
2026-03-06 22:59:42,384 | WARNING | MainThread | SocketcanBus was not properly shut down
2026-03-06 22:59:46,619 | INFO | MainThread | Created a socket
2026-03-06 22:59:46,821 | WARNING | MainThread | SocketcanBus was not properly shut down
2026-03-06 23:01:33,721 | INFO | MainThread | Created a socket
2026-03-06 23:01:38,559 | INFO | MainThread | Created a socket
2026-03-06 23:01:38,762 | WARNING | MainThread | SocketcanBus was not properly shut down
2026-03-06 23:01:41,399 | INFO | MainThread | Created a socket
2026-03-06 23:01:45,946 | INFO | MainThread | Created a socket
2026-03-06 23:01:49,556 | INFO | MainThread | Created a socket
2026-03-06 23:01:53,518 | INFO | MainThread | Created a socket
2026-03-06 23:01:53,722 | WARNING | MainThread | SocketcanBus was not properly shut down
2026-03-06 23:01:56,458 | INFO | MainThread | Created a socket
2026-03-06 23:01:56,660 | WARNING | MainThread | SocketcanBus was not properly shut down
2026-03-06 23:01:59,646 | INFO | MainThread | Created a socket
2026-03-06 23:01:59,849 | WARNING | MainThread | SocketcanBus was not properly shut down
2026-03-06 23:02:01,790 | INFO | MainThread | Created a socket
2026-03-06 23:02:01,993 | WARNING | MainThread | SocketcanBus was not properly shut down
2026-03-06 23:02:04,046 | INFO | MainThread | Created a socket
2026-03-06 23:02:04,249 | WARNING | MainThread | SocketcanBus was not properly shut down
2026-03-06 23:02:06,806 | INFO | MainThread | Created a socket
2026-03-06 23:02:07,008 | WARNING | MainThread | SocketcanBus was not properly shut down
2026-03-06 23:02:08,926 | INFO | MainThread | Created a socket
2026-03-06 23:02:09,131 | WARNING | MainThread | SocketcanBus was not properly shut down
2026-03-06 23:02:10,692 | INFO | MainThread | Created a socket
2026-03-06 23:02:10,895 | WARNING | MainThread | SocketcanBus was not properly shut down
2026-03-06 23:07:09,000 | INFO | MainThread | Created a socket
2026-03-06 23:07:14,418 | INFO | MainThread | Created a socket
2026-03-06 23:07:20,938 | INFO | MainThread | Created a socket
2026-03-06 23:07:21,141 | WARNING | MainThread | SocketcanBus was not properly shut down
2026-03-06 23:07:23,902 | INFO | MainThread | Created a socket
2026-03-06 23:07:30,202 | INFO | MainThread | Created a socket
2026-03-06 23:07:30,405 | WARNING | MainThread | SocketcanBus was not properly shut down
2026-03-07 16:01:04,280 | INFO | MainThread | Created a socket
2026-03-07 16:01:04,490 | WARNING | MainThread | SocketcanBus was not properly shut down
2026-03-07 16:01:11,683 | INFO | MainThread | Created a socket
2026-03-07 16:01:11,885 | WARNING | MainThread | SocketcanBus was not properly shut down
2026-03-07 16:02:11,410 | INFO | MainThread | Created a socket
2026-03-07 16:02:11,614 | WARNING | MainThread | SocketcanBus was not properly shut down
2026-03-07 16:02:14,487 | INFO | MainThread | Created a socket
2026-03-07 16:02:14,689 | WARNING | MainThread | SocketcanBus was not properly shut down
2026-03-07 16:02:17,269 | INFO | MainThread | Created a socket
2026-03-07 16:02:17,472 | WARNING | MainThread | SocketcanBus was not properly shut down
2026-03-07 16:04:10,744 | INFO | MainThread | Created a socket
2026-03-07 16:04:10,946 | WARNING | MainThread | SocketcanBus was not properly shut down
2026-03-07 16:30:49,646 | INFO | MainThread | Created a socket
2026-03-07 16:30:55,767 | INFO | MainThread | Created a socket
2026-03-07 16:31:00,376 | INFO | MainThread | Created a socket
2026-03-07 16:31:04,923 | INFO | MainThread | Created a socket
2026-03-07 16:39:38,183 | INFO | MainThread | Created a socket
2026-03-07 16:39:39,051 | ERROR | MainThread | [PLOT] Exception in LivePlotter._update (matplotlib callback)
--- TRACEBACK START ---
Traceback (most recent call last):
  File "/home/droids/Documents/embedded/utils/gain_tuner.py", line 1053, in _update
    self.tuner.control_step(self.tuner.dt)
  File "/home/droids/Documents/embedded/utils/gain_tuner.py", line 504, in control_step
    self._assert_safe()
  File "/home/droids/Documents/embedded/utils/gain_tuner.py", line 281, in _assert_safe
    raise RuntimeError(self.safety_reason or "Safety monitor tripped")
RuntimeError: [SAFETY] motor 5 out of joint limits: pos=1.0888 rad, limits=[-0.6000,0.6000]
--- TRACEBACK END ---
Log file: /home/droids/Documents/embedded/robstride_gain_tuner_debug.log
2026-03-07 16:39:52,822 | INFO | MainThread | Created a socket
2026-03-07 16:39:58,415 | INFO | MainThread | Created a socket
2026-03-07 16:39:58,620 | WARNING | MainThread | SocketcanBus was not properly shut down
2026-03-07 16:40:26,154 | INFO | MainThread | Created a socket
2026-03-07 16:40:27,022 | ERROR | MainThread | [PLOT] Exception in LivePlotter._update (matplotlib callback)
--- TRACEBACK START ---
Traceback (most recent call last):
  File "/home/droids/Documents/embedded/utils/gain_tuner.py", line 1053, in _update
    self.tuner.control_step(self.tuner.dt)
  File "/home/droids/Documents/embedded/utils/gain_tuner.py", line 504, in control_step
    self._assert_safe()
  File "/home/droids/Documents/embedded/utils/gain_tuner.py", line 281, in _assert_safe
    raise RuntimeError(self.safety_reason or "Safety monitor tripped")
RuntimeError: [SAFETY] motor 6 out of joint limits: pos=6.1948 rad, limits=[-1.5700,1.5700]
--- TRACEBACK END ---
Log file: /home/droids/Documents/embedded/robstride_gain_tuner_debug.log
2026-03-07 16:41:52,028 | INFO | MainThread | Created a socket
2026-03-07 16:41:52,231 | WARNING | MainThread | SocketcanBus was not properly shut down
2026-03-07 16:42:08,934 | INFO | MainThread | Created a socket
2026-03-07 16:42:13,471 | INFO | MainThread | Created a socket
2026-03-07 16:42:13,675 | WARNING | MainThread | SocketcanBus was not properly shut down
2026-03-07 16:43:27,909 | INFO | MainThread | Created a socket
2026-03-07 16:43:34,204 | INFO | MainThread | Created a socket
2026-03-07 17:01:29,449 | INFO | MainThread | Created a socket
2026-03-07 17:01:37,492 | INFO | MainThread | Created a socket
2026-03-07 17:01:50,129 | CRITICAL | MainThread | Traceback (most recent call last):
  File "/home/droids/Documents/embedded/utils/gain_tuner.py", line 1239, in <module>
    main()
  File "/home/droids/Documents/embedded/utils/gain_tuner.py", line 1211, in main
    motor_ids = parse_motor_ids_or_scan()
                ^^^^^^^^^^^^^^^^^^^^^^^^^
  File "/home/droids/Documents/embedded/utils/gain_tuner.py", line 842, in parse_motor_ids_or_scan
    s = input("Motor IDs: ").strip()
        ^^^^^^^^^^^^^^^^^^^^
KeyboardInterrupt

2026-03-07 17:01:53,594 | INFO | MainThread | Created a socket
2026-03-07 17:02:19,865 | INFO | MainThread | Created a socket
2026-03-07 17:02:50,103 | INFO | MainThread | Created a socket
2026-03-07 17:02:50,943 | ERROR | MainThread | [PLOT] Exception in LivePlotter._update (matplotlib callback)
--- TRACEBACK START ---
Traceback (most recent call last):
  File "/home/droids/Documents/embedded/utils/gain_tuner.py", line 1053, in _update
    self.tuner.control_step(self.tuner.dt)
  File "/home/droids/Documents/embedded/utils/gain_tuner.py", line 504, in control_step
    self._assert_safe()
  File "/home/droids/Documents/embedded/utils/gain_tuner.py", line 281, in _assert_safe
    raise RuntimeError(self.safety_reason or "Safety monitor tripped")
RuntimeError: [SAFETY] motor 9 out of joint limits: pos=0.3122 rad, limits=[-2.0944,0.0000]
--- TRACEBACK END ---
Log file: /home/droids/Documents/embedded/robstride_gain_tuner_debug.log
2026-03-07 17:03:07,483 | INFO | MainThread | Created a socket
2026-03-07 17:03:44,689 | INFO | MainThread | Created a socket
2026-03-07 17:03:45,549 | ERROR | MainThread | [PLOT] Exception in LivePlotter._update (matplotlib callback)
--- TRACEBACK START ---
Traceback (most recent call last):
  File "/home/droids/Documents/embedded/utils/gain_tuner.py", line 1053, in _update
    self.tuner.control_step(self.tuner.dt)
  File "/home/droids/Documents/embedded/utils/gain_tuner.py", line 504, in control_step
    self._assert_safe()
  File "/home/droids/Documents/embedded/utils/gain_tuner.py", line 281, in _assert_safe
    raise RuntimeError(self.safety_reason or "Safety monitor tripped")
RuntimeError: [SAFETY] motor 9 out of joint limits: pos=0.4886 rad, limits=[-2.0944,0.0000]
--- TRACEBACK END ---
Log file: /home/droids/Documents/embedded/robstride_gain_tuner_debug.log
2026-03-07 17:04:02,628 | INFO | MainThread | Created a socket
2026-03-07 17:04:28,734 | INFO | MainThread | Created a socket
2026-03-07 17:04:29,587 | ERROR | MainThread | [PLOT] Exception in LivePlotter._update (matplotlib callback)
--- TRACEBACK START ---
Traceback (most recent call last):
  File "/home/droids/Documents/embedded/utils/gain_tuner.py", line 1053, in _update
    self.tuner.control_step(self.tuner.dt)
  File "/home/droids/Documents/embedded/utils/gain_tuner.py", line 504, in control_step
    self._assert_safe()
  File "/home/droids/Documents/embedded/utils/gain_tuner.py", line 281, in _assert_safe
    raise RuntimeError(self.safety_reason or "Safety monitor tripped")
RuntimeError: [SAFETY] motor 4 out of joint limits: pos=0.1104 rad, limits=[-2.0944,0.0000]
--- TRACEBACK END ---
Log file: /home/droids/Documents/embedded/robstride_gain_tuner_debug.log
2026-03-07 17:04:50,761 | INFO | MainThread | Created a socket
2026-03-07 17:04:56,866 | INFO | MainThread | Created a socket
2026-03-07 17:14:13,240 | INFO | MainThread | Created a socket
2026-03-07 17:16:09,374 | INFO | MainThread | Created a socket
2026-03-07 17:16:10,219 | ERROR | MainThread | [PLOT] Exception in LivePlotter._update (matplotlib callback)
--- TRACEBACK START ---
Traceback (most recent call last):
  File "/home/droids/Documents/embedded/utils/gain_tuner.py", line 1072, in _update
    self.tuner.control_step(self.tuner.dt)
  File "/home/droids/Documents/embedded/utils/gain_tuner.py", line 522, in control_step
    self._assert_safe()
  File "/home/droids/Documents/embedded/utils/gain_tuner.py", line 284, in _assert_safe
    raise RuntimeError(self.safety_reason or "Safety monitor tripped")
RuntimeError: [SAFETY] motor 9 out of joint limits: pos=0.0410 rad, limits=[-2.0944,0.0000]
--- TRACEBACK END ---
Log file: /home/droids/Documents/embedded/robstride_gain_tuner_debug.log
2026-03-07 17:16:28,415 | INFO | MainThread | Created a socket
2026-03-07 17:21:28,660 | INFO | MainThread | Created a socket
2026-03-07 17:22:00,858 | INFO | MainThread | Created a socket
2026-03-07 17:22:01,699 | ERROR | MainThread | [PLOT] Exception in LivePlotter._update (matplotlib callback)
--- TRACEBACK START ---
Traceback (most recent call last):
  File "/home/droids/Documents/embedded/utils/gain_tuner.py", line 1072, in _update
    self.tuner.control_step(self.tuner.dt)
  File "/home/droids/Documents/embedded/utils/gain_tuner.py", line 522, in control_step
    self._assert_safe()
  File "/home/droids/Documents/embedded/utils/gain_tuner.py", line 284, in _assert_safe
    raise RuntimeError(self.safety_reason or "Safety monitor tripped")
RuntimeError: [SAFETY] motor 4 out of joint limits: pos=0.0004 rad, limits=[-2.0944,0.0000]
--- TRACEBACK END ---
Log file: /home/droids/Documents/embedded/robstride_gain_tuner_debug.log
2026-03-07 17:22:13,508 | INFO | MainThread | Created a socket
2026-03-07 17:22:53,718 | INFO | MainThread | Created a socket
2026-03-07 17:28:35,978 | INFO | MainThread | Created a socket
2026-03-07 17:29:33,787 | INFO | MainThread | Created a socket
2026-03-07 17:30:03,152 | INFO | MainThread | Created a socket
2026-03-07 17:30:15,268 | INFO | MainThread | Created a socket
2026-03-07 17:30:16,113 | ERROR | MainThread | [PLOT] Exception in LivePlotter._update (matplotlib callback)
--- TRACEBACK START ---
Traceback (most recent call last):
  File "/home/droids/Documents/embedded/utils/gain_tuner.py", line 1072, in _update
    self.tuner.control_step(self.tuner.dt)
  File "/home/droids/Documents/embedded/utils/gain_tuner.py", line 522, in control_step
    self._assert_safe()
  File "/home/droids/Documents/embedded/utils/gain_tuner.py", line 284, in _assert_safe
    raise RuntimeError(self.safety_reason or "Safety monitor tripped")
RuntimeError: [SAFETY] motor 9 out of joint limits: pos=0.0004 rad, limits=[-2.0944,0.0000]
--- TRACEBACK END ---
Log file: /home/droids/Documents/embedded/robstride_gain_tuner_debug.log
2026-03-07 17:30:23,658 | INFO | MainThread | Created a socket
2026-03-21 14:20:55,933 | INFO | MainThread | Created a socket
2026-03-21 14:21:07,390 | INFO | MainThread | Created a socket
2026-03-21 14:21:16,144 | INFO | MainThread | Created a socket
2026-03-21 14:21:23,068 | INFO | MainThread | Created a socket
2026-03-21 14:21:29,672 | INFO | MainThread | Created a socket
2026-03-21 16:18:12,548 | INFO | MainThread | Created a socket
2026-03-21 16:26:47,517 | INFO | MainThread | Created a socket
2026-03-21 16:27:01,427 | INFO | MainThread | Created a socket
2026-03-21 16:27:08,018 | INFO | MainThread | Created a socket
2026-03-21 16:27:15,027 | INFO | MainThread | Created a socket
2026-03-21 16:27:21,030 | INFO | MainThread | Created a socket
2026-03-21 16:27:27,607 | INFO | MainThread | Created a socket
2026-03-21 16:27:34,339 | INFO | MainThread | Created a socket
2026-03-21 16:27:44,182 | INFO | MainThread | Created a socket
2026-03-21 16:27:52,920 | INFO | MainThread | Created a socket
2026-03-21 16:28:58,991 | INFO | MainThread | Created a socket
2026-03-28 08:14:20,125 | INFO | MainThread | Created a socket
2026-03-28 08:14:36,402 | INFO | MainThread | Created a socket
2026-03-28 08:14:54,851 | INFO | MainThread | Created a socket
2026-03-28 08:15:02,337 | INFO | MainThread | Created a socket
2026-03-28 08:15:07,757 | INFO | MainThread | Created a socket
2026-03-28 08:15:14,246 | INFO | MainThread | Created a socket
2026-03-28 08:48:18,556 | INFO | MainThread | Created a socket
2026-03-28 08:54:25,086 | INFO | MainThread | Created a socket
2026-03-28 08:54:41,617 | INFO | MainThread | Created a socket
2026-03-28 08:56:49,891 | INFO | MainThread | Created a socket
2026-03-28 08:57:24,312 | INFO | MainThread | Created a socket
2026-04-18 17:07:25,457 | INFO | MainThread | Created a socket
2026-04-18 17:14:08,683 | INFO | MainThread | Created a socket
2026-04-18 17:14:08,896 | WARNING | MainThread | SocketcanBus was not properly shut down
2026-04-18 17:14:19,027 | INFO | MainThread | Created a socket
2026-04-18 17:16:15,424 | INFO | MainThread | Created a socket
2026-04-18 17:16:23,176 | INFO | MainThread | Created a socket
2026-04-18 17:16:23,381 | WARNING | MainThread | SocketcanBus was not properly shut down
2026-04-18 17:16:29,840 | INFO | MainThread | Created a socket
2026-04-18 17:17:51,683 | INFO | MainThread | Created a socket
2026-04-18 17:19:04,611 | INFO | MainThread | Created a socket
2026-04-18 17:20:28,453 | INFO | MainThread | Created a socket
2026-04-18 17:24:12,529 | INFO | MainThread | Created a socket
2026-04-18 17:33:42,004 | INFO | MainThread | Created a socket
2026-04-18 17:36:43,440 | INFO | MainThread | Created a socket
2026-04-18 17:37:18,287 | INFO | MainThread | Created a socket
2026-04-18 17:44:48,180 | INFO | MainThread | Created a socket
2026-04-18 17:44:59,673 | INFO | MainThread | Created a socket
2026-04-18 17:45:37,536 | INFO | MainThread | Created a socket
2026-04-18 17:45:59,798 | INFO | MainThread | Created a socket
2026-04-18 17:46:14,944 | INFO | MainThread | Created a socket
2026-04-18 17:51:52,110 | CRITICAL | MainThread | Traceback (most recent call last):
  File "/home/droids/Documents/embedded/utils/gain_tuner.py", line 1273, in <module>
    main()
  File "/home/droids/Documents/embedded/utils/gain_tuner.py", line 1245, in main
    motor_ids = parse_motor_ids_or_scan()
                ^^^^^^^^^^^^^^^^^^^^^^^^^
  File "/home/droids/Documents/embedded/utils/gain_tuner.py", line 879, in parse_motor_ids_or_scan
    ids = [int(x) for x in s.split()]
           ^^^^^^
ValueError: invalid literal for int() with base 10: 'q'

2026-04-18 17:52:17,891 | INFO | MainThread | Created a socket
2026-04-18 17:52:18,094 | WARNING | MainThread | SocketcanBus was not properly shut down
2026-04-18 17:52:41,700 | INFO | MainThread | Created a socket
2026-04-18 17:52:48,341 | INFO | MainThread | Created a socket
2026-04-18 17:52:54,438 | INFO | MainThread | Created a socket
2026-04-18 17:52:55,275 | ERROR | MainThread | [PLOT] Exception in LivePlotter._update (matplotlib callback)
--- TRACEBACK START ---
Traceback (most recent call last):
  File "/home/droids/Documents/embedded/utils/gain_tuner.py", line 1087, in _update
    self.tuner.control_step(self.tuner.dt)
  File "/home/droids/Documents/embedded/utils/gain_tuner.py", line 534, in control_step
    self._assert_safe()
  File "/home/droids/Documents/embedded/utils/gain_tuner.py", line 291, in _assert_safe
    raise RuntimeError(self.safety_reason or "Safety monitor tripped")
RuntimeError: [SAFETY] motor 3 out of joint limits: pos=-2.7413 rad, limits=[-0.7854,0.7854]
--- TRACEBACK END ---
Log file: /home/droids/Documents/embedded/robstride_gain_tuner_debug.log
2026-04-18 17:53:17,844 | INFO | MainThread | Created a socket
2026-04-18 17:53:22,942 | INFO | MainThread | Created a socket
2026-04-18 17:53:23,785 | ERROR | MainThread | [PLOT] Exception in LivePlotter._update (matplotlib callback)
--- TRACEBACK START ---
Traceback (most recent call last):
  File "/home/droids/Documents/embedded/utils/gain_tuner.py", line 1087, in _update
    self.tuner.control_step(self.tuner.dt)
  File "/home/droids/Documents/embedded/utils/gain_tuner.py", line 534, in control_step
    self._assert_safe()
  File "/home/droids/Documents/embedded/utils/gain_tuner.py", line 291, in _assert_safe
    raise RuntimeError(self.safety_reason or "Safety monitor tripped")
RuntimeError: [SAFETY] motor 4 out of joint limits: pos=5.5934 rad, limits=[-2.0944,0.0000]
--- TRACEBACK END ---
Log file: /home/droids/Documents/embedded/robstride_gain_tuner_debug.log
2026-04-18 17:55:48,823 | INFO | MainThread | Created a socket
2026-04-18 17:55:49,666 | ERROR | MainThread | [PLOT] Exception in LivePlotter._update (matplotlib callback)
--- TRACEBACK START ---
Traceback (most recent call last):
  File "/home/droids/Documents/embedded/utils/gain_tuner.py", line 1087, in _update
    self.tuner.control_step(self.tuner.dt)
  File "/home/droids/Documents/embedded/utils/gain_tuner.py", line 534, in control_step
    self._assert_safe()
  File "/home/droids/Documents/embedded/utils/gain_tuner.py", line 291, in _assert_safe
    raise RuntimeError(self.safety_reason or "Safety monitor tripped")
RuntimeError: [SAFETY] motor 4 out of joint limits: pos=0.6550 rad, limits=[-2.0944,0.0000]
--- TRACEBACK END ---
Log file: /home/droids/Documents/embedded/robstride_gain_tuner_debug.log
2026-04-18 17:57:06,622 | INFO | MainThread | Created a socket
2026-04-25 15:25:53,444 | INFO | MainThread | Created a socket
2026-04-25 15:25:53,647 | WARNING | MainThread | SocketcanBus was not properly shut down
2026-04-25 15:25:57,378 | INFO | MainThread | Created a socket
2026-04-25 15:25:57,581 | WARNING | MainThread | SocketcanBus was not properly shut down
2026-04-25 15:26:02,005 | INFO | MainThread | Created a socket
2026-04-25 15:26:02,209 | WARNING | MainThread | SocketcanBus was not properly shut down
2026-04-25 15:42:00,320 | INFO | MainThread | Created a socket
2026-04-25 15:42:01,315 | ERROR | MainThread | [PLOT] Exception in LivePlotter._update (matplotlib callback)
--- TRACEBACK START ---
Traceback (most recent call last):
  File "/home/droids/Documents/embedded/utils/gain_tuner.py", line 1104, in _update
    self.tuner.control_step(self.tuner.dt)
  File "/home/droids/Documents/embedded/utils/gain_tuner.py", line 549, in control_step
    self._assert_safe()
  File "/home/droids/Documents/embedded/utils/gain_tuner.py", line 295, in _assert_safe
    raise RuntimeError(self.safety_reason or "Safety monitor tripped")
RuntimeError: [SAFETY] motor 10 out of joint limits: pos=0.6270 rad, limits=[-0.6000,0.6000]
--- TRACEBACK END ---
Log file: /home/droids/Documents/embedded/robstride_gain_tuner_debug.log
2026-04-25 15:42:13,048 | INFO | MainThread | Created a socket
2026-04-25 15:42:51,969 | INFO | MainThread | Created a socket
2026-04-25 15:42:52,791 | ERROR | MainThread | [PLOT] Exception in LivePlotter._update (matplotlib callback)
--- TRACEBACK START ---
Traceback (most recent call last):
  File "/home/droids/Documents/embedded/utils/gain_tuner.py", line 1104, in _update
    self.tuner.control_step(self.tuner.dt)
  File "/home/droids/Documents/embedded/utils/gain_tuner.py", line 549, in control_step
    self._assert_safe()
  File "/home/droids/Documents/embedded/utils/gain_tuner.py", line 295, in _assert_safe
    raise RuntimeError(self.safety_reason or "Safety monitor tripped")
RuntimeError: [SAFETY] motor 7 out of joint limits: pos=2.8188 rad, limits=[-0.4363,1.5700]
--- TRACEBACK END ---
Log file: /home/droids/Documents/embedded/robstride_gain_tuner_debug.log
2026-04-25 15:42:59,480 | INFO | MainThread | Created a socket
2026-04-25 15:43:08,226 | INFO | MainThread | Created a socket
2026-04-25 15:43:09,081 | ERROR | MainThread | [PLOT] Exception in LivePlotter._update (matplotlib callback)
--- TRACEBACK START ---
Traceback (most recent call last):
  File "/home/droids/Documents/embedded/utils/gain_tuner.py", line 1104, in _update
    self.tuner.control_step(self.tuner.dt)
  File "/home/droids/Documents/embedded/utils/gain_tuner.py", line 549, in control_step
    self._assert_safe()
  File "/home/droids/Documents/embedded/utils/gain_tuner.py", line 295, in _assert_safe
    raise RuntimeError(self.safety_reason or "Safety monitor tripped")
RuntimeError: [SAFETY] motor 7 out of joint limits: pos=2.8172 rad, limits=[-0.4363,1.5700]
--- TRACEBACK END ---
Log file: /home/droids/Documents/embedded/robstride_gain_tuner_debug.log
2026-04-25 15:44:21,367 | INFO | MainThread | Created a socket
2026-04-25 15:44:22,193 | ERROR | MainThread | [PLOT] Exception in LivePlotter._update (matplotlib callback)
--- TRACEBACK START ---
Traceback (most recent call last):
  File "/home/droids/Documents/embedded/utils/gain_tuner.py", line 1104, in _update
    self.tuner.control_step(self.tuner.dt)
  File "/home/droids/Documents/embedded/utils/gain_tuner.py", line 549, in control_step
    self._assert_safe()
  File "/home/droids/Documents/embedded/utils/gain_tuner.py", line 295, in _assert_safe
    raise RuntimeError(self.safety_reason or "Safety monitor tripped")
RuntimeError: [SAFETY] motor 8 out of joint limits: pos=-3.0090 rad, limits=[-0.7854,0.7854]
--- TRACEBACK END ---
Log file: /home/droids/Documents/embedded/robstride_gain_tuner_debug.log
2026-04-25 15:44:28,568 | INFO | MainThread | Created a socket
2026-04-25 15:45:20,132 | INFO | MainThread | Created a socket
2026-04-25 15:46:06,916 | INFO | MainThread | Created a socket
2026-04-25 15:46:39,241 | INFO | MainThread | Created a socket
2026-04-25 15:47:26,808 | INFO | MainThread | Created a socket
2026-04-25 15:52:06,931 | INFO | MainThread | Created a socket
2026-04-25 15:53:32,618 | INFO | MainThread | Created a socket
2026-04-25 15:53:43,020 | INFO | MainThread | Created a socket
2026-04-25 15:53:43,846 | ERROR | MainThread | [PLOT] Exception in LivePlotter._update (matplotlib callback)
--- TRACEBACK START ---
Traceback (most recent call last):
  File "/home/droids/Documents/embedded/utils/gain_tuner.py", line 1104, in _update
    self.tuner.control_step(self.tuner.dt)
  File "/home/droids/Documents/embedded/utils/gain_tuner.py", line 549, in control_step
    self._assert_safe()
  File "/home/droids/Documents/embedded/utils/gain_tuner.py", line 295, in _assert_safe
    raise RuntimeError(self.safety_reason or "Safety monitor tripped")
RuntimeError: [SAFETY] motor 7 out of joint limits: pos=2.6427 rad, limits=[-0.4363,1.5700]
--- TRACEBACK END ---
Log file: /home/droids/Documents/embedded/robstride_gain_tuner_debug.log
2026-04-25 15:55:57,029 | INFO | MainThread | Created a socket
2026-04-25 15:56:56,652 | INFO | MainThread | Created a socket
2026-04-25 16:54:59,198 | INFO | MainThread | Created a socket
2026-04-25 16:57:25,959 | INFO | MainThread | Created a socket
2026-04-25 16:59:29,514 | INFO | MainThread | Created a socket
2026-04-25 16:59:45,053 | INFO | MainThread | Created a socket
2026-04-25 17:00:11,410 | INFO | MainThread | Created a socket
2026-04-25 17:00:21,625 | INFO | MainThread | Created a socket
2026-04-25 17:02:32,733 | INFO | MainThread | Created a socket
2026-04-25 17:03:57,434 | INFO | MainThread | Created a socket
2026-04-25 17:08:48,971 | INFO | MainThread | Created a socket
2026-05-29 18:43:59,720 | INFO | MainThread | Created a socket
2026-05-29 18:44:29,648 | INFO | MainThread | Created a socket
2026-05-29 18:48:00,632 | INFO | MainThread | Created a socket
2026-05-29 18:48:46,654 | INFO | MainThread | Created a socket
2026-05-29 18:49:13,471 | INFO | MainThread | Created a socket
2026-05-29 18:50:02,916 | INFO | MainThread | Created a socket
2026-05-29 18:50:33,233 | INFO | MainThread | Created a socket
2026-05-29 18:51:03,084 | INFO | MainThread | Created a socket
2026-05-30 17:25:46,170 | INFO | MainThread | Created a socket
2026-05-30 17:27:58,186 | INFO | MainThread | Created a socket
2026-05-30 17:30:16,317 | INFO | MainThread | Created a socket
